[2023-09-21 01:46:35,856][INFO]: server is waiting...
[2023-09-21 01:46:43,484][INFO]: conn---><socket.socket fd=400, family=AddressFamily.AF_INET, type=SocketKind.SOCK_STREAM, proto=0, laddr=('127.0.0.1', 8888), raddr=('127.0.0.1', 9920)>, addr--->('127.0.0.1', 9920), data--->b'GET / HTTP/1.1\r\nHost: 127.0.0.1:8888\r\nConnection: keep-alive\r\nsec-ch-ua: "Microsoft Edge";v="117", "Not;A=Brand";v="8", "Chromium";v="117"\r\nsec-ch-ua-mobile: ?0\r\nsec-ch-ua-platform: "Windows"\r\nUpgrade-Insecure-Requests: 1\r\nUser-Agent: Mozilla/5.0 (Windows NT 10.0; Win64; x64) AppleWebKit/537.36 (KHTML, like Gecko) Chrome/117.0.0.0 Safari/537.36 Edg/117.0.2045.35\r\nAccept: text/html,application/xhtml+xml,application/xml;q=0.9,image/webp,image/apng,*/*;q=0.8,application/signed-exchange;v=b3;q=0.7\r\nSec-Fetch-Site: none\r\nSec-Fetch-Mode: navigate\r\nSec-Fetch-User: ?1\r\nSec-Fetch-Dest: document\r\nAccept-Encoding: gzip, deflate, br\r\nAccept-Language: zh-CN,zh;q=0.9,en;q=0.8,en-GB;q=0.7,en-US;q=0.6\r\n\r\n'
[2023-09-21 01:46:43,491][INFO]: 响应完成
[2023-09-21 01:46:43,776][INFO]: conn---><socket.socket fd=404, family=AddressFamily.AF_INET, type=SocketKind.SOCK_STREAM, proto=0, laddr=('127.0.0.1', 8888), raddr=('127.0.0.1', 9921)>, addr--->('127.0.0.1', 9921), data--->b'GET /favicon.ico HTTP/1.1\r\nHost: 127.0.0.1:8888\r\nConnection: keep-alive\r\nsec-ch-ua: "Microsoft Edge";v="117", "Not;A=Brand";v="8", "Chromium";v="117"\r\nsec-ch-ua-mobile: ?0\r\nUser-Agent: Mozilla/5.0 (Windows NT 10.0; Win64; x64) AppleWebKit/537.36 (KHTML, like Gecko) Chrome/117.0.0.0 Safari/537.36 Edg/117.0.2045.35\r\nsec-ch-ua-platform: "Windows"\r\nAccept: image/webp,image/apng,image/svg+xml,image/*,*/*;q=0.8\r\nSec-Fetch-Site: same-origin\r\nSec-Fetch-Mode: no-cors\r\nSec-Fetch-Dest: image\r\nReferer: http://127.0.0.1:8888/\r\nAccept-Encoding: gzip, deflate, br\r\nAccept-Language: zh-CN,zh;q=0.9,en;q=0.8,en-GB;q=0.7,en-US;q=0.6\r\n\r\n'
[2023-09-21 01:46:43,777][INFO]: 响应完成
[2023-09-21 17:29:42,571][INFO]: server is waiting...
[2023-09-21 17:29:49,918][INFO]: conn---><socket.socket fd=400, family=AddressFamily.AF_INET, type=SocketKind.SOCK_STREAM, proto=0, laddr=('127.0.0.1', 8889), raddr=('127.0.0.1', 13060)>, addr--->('127.0.0.1', 13060), data--->b'GET / HTTP/1.1\r\nHost: 127.0.0.1:8889\r\nConnection: keep-alive\r\nsec-ch-ua: "Microsoft Edge";v="117", "Not;A=Brand";v="8", "Chromium";v="117"\r\nsec-ch-ua-mobile: ?0\r\nsec-ch-ua-platform: "Windows"\r\nUpgrade-Insecure-Requests: 1\r\nUser-Agent: Mozilla/5.0 (Windows NT 10.0; Win64; x64) AppleWebKit/537.36 (KHTML, like Gecko) Chrome/117.0.0.0 Safari/537.36 Edg/117.0.2045.35\r\nAccept: text/html,application/xhtml+xml,application/xml;q=0.9,image/webp,image/apng,*/*;q=0.8,application/signed-exchange;v=b3;q=0.7\r\nSec-Fetch-Site: none\r\nSec-Fetch-Mode: navigate\r\nSec-Fetch-User: ?1\r\nSec-Fetch-Dest: document\r\nAccept-Encoding: gzip, deflate, br\r\nAccept-Language: zh-CN,zh;q=0.9,en;q=0.8,en-GB;q=0.7,en-US;q=0.6\r\n\r\n'
[2023-09-21 17:29:49,919][INFO]: 响应完成
[2023-09-21 17:29:50,209][INFO]: conn---><socket.socket fd=400, family=AddressFamily.AF_INET, type=SocketKind.SOCK_STREAM, proto=0, laddr=('127.0.0.1', 8889), raddr=('127.0.0.1', 13061)>, addr--->('127.0.0.1', 13061), data--->b'GET /favicon.ico HTTP/1.1\r\nHost: 127.0.0.1:8889\r\nConnection: keep-alive\r\nsec-ch-ua: "Microsoft Edge";v="117", "Not;A=Brand";v="8", "Chromium";v="117"\r\nsec-ch-ua-mobile: ?0\r\nUser-Agent: Mozilla/5.0 (Windows NT 10.0; Win64; x64) AppleWebKit/537.36 (KHTML, like Gecko) Chrome/117.0.0.0 Safari/537.36 Edg/117.0.2045.35\r\nsec-ch-ua-platform: "Windows"\r\nAccept: image/webp,image/apng,image/svg+xml,image/*,*/*;q=0.8\r\nSec-Fetch-Site: same-origin\r\nSec-Fetch-Mode: no-cors\r\nSec-Fetch-Dest: image\r\nReferer: http://127.0.0.1:8889/\r\nAccept-Encoding: gzip, deflate, br\r\nAccept-Language: zh-CN,zh;q=0.9,en;q=0.8,en-GB;q=0.7,en-US;q=0.6\r\n\r\n'
[2023-09-21 17:29:50,210][INFO]: 响应完成
[2023-09-21 17:29:55,535][INFO]: conn---><socket.socket fd=400, family=AddressFamily.AF_INET, type=SocketKind.SOCK_STREAM, proto=0, laddr=('127.0.0.1', 8889), raddr=('127.0.0.1', 13101)>, addr--->('127.0.0.1', 13101), data--->b'GET /index HTTP/1.1\r\nHost: 127.0.0.1:8889\r\nConnection: keep-alive\r\nsec-ch-ua: "Microsoft Edge";v="117", "Not;A=Brand";v="8", "Chromium";v="117"\r\nsec-ch-ua-mobile: ?0\r\nsec-ch-ua-platform: "Windows"\r\nUpgrade-Insecure-Requests: 1\r\nUser-Agent: Mozilla/5.0 (Windows NT 10.0; Win64; x64) AppleWebKit/537.36 (KHTML, like Gecko) Chrome/117.0.0.0 Safari/537.36 Edg/117.0.2045.35\r\nAccept: text/html,application/xhtml+xml,application/xml;q=0.9,image/webp,image/apng,*/*;q=0.8,application/signed-exchange;v=b3;q=0.7\r\nSec-Fetch-Site: none\r\nSec-Fetch-Mode: navigate\r\nSec-Fetch-User: ?1\r\nSec-Fetch-Dest: document\r\nAccept-Encoding: gzip, deflate, br\r\nAccept-Language: zh-CN,zh;q=0.9,en;q=0.8,en-GB;q=0.7,en-US;q=0.6\r\n\r\n'
[2023-09-21 17:29:55,536][INFO]: 响应完成
[2023-09-21 17:30:00,168][INFO]: conn---><socket.socket fd=400, family=AddressFamily.AF_INET, type=SocketKind.SOCK_STREAM, proto=0, laddr=('127.0.0.1', 8889), raddr=('127.0.0.1', 13102)>, addr--->('127.0.0.1', 13102), data--->b'GET /login HTTP/1.1\r\nHost: 127.0.0.1:8889\r\nConnection: keep-alive\r\nsec-ch-ua: "Microsoft Edge";v="117", "Not;A=Brand";v="8", "Chromium";v="117"\r\nsec-ch-ua-mobile: ?0\r\nsec-ch-ua-platform: "Windows"\r\nUpgrade-Insecure-Requests: 1\r\nUser-Agent: Mozilla/5.0 (Windows NT 10.0; Win64; x64) AppleWebKit/537.36 (KHTML, like Gecko) Chrome/117.0.0.0 Safari/537.36 Edg/117.0.2045.35\r\nAccept: text/html,application/xhtml+xml,application/xml;q=0.9,image/webp,image/apng,*/*;q=0.8,application/signed-exchange;v=b3;q=0.7\r\nSec-Fetch-Site: none\r\nSec-Fetch-Mode: navigate\r\nSec-Fetch-User: ?1\r\nSec-Fetch-Dest: document\r\nAccept-Encoding: gzip, deflate, br\r\nAccept-Language: zh-CN,zh;q=0.9,en;q=0.8,en-GB;q=0.7,en-US;q=0.6\r\n\r\n'
[2023-09-21 17:30:00,169][INFO]: 响应完成
[2023-09-21 17:30:03,260][INFO]: conn---><socket.socket fd=400, family=AddressFamily.AF_INET, type=SocketKind.SOCK_STREAM, proto=0, laddr=('127.0.0.1', 8889), raddr=('127.0.0.1', 13129)>, addr--->('127.0.0.1', 13129), data--->b'GET /loginxxx HTTP/1.1\r\nHost: 127.0.0.1:8889\r\nConnection: keep-alive\r\nsec-ch-ua: "Microsoft Edge";v="117", "Not;A=Brand";v="8", "Chromium";v="117"\r\nsec-ch-ua-mobile: ?0\r\nsec-ch-ua-platform: "Windows"\r\nUpgrade-Insecure-Requests: 1\r\nUser-Agent: Mozilla/5.0 (Windows NT 10.0; Win64; x64) AppleWebKit/537.36 (KHTML, like Gecko) Chrome/117.0.0.0 Safari/537.36 Edg/117.0.2045.35\r\nAccept: text/html,application/xhtml+xml,application/xml;q=0.9,image/webp,image/apng,*/*;q=0.8,application/signed-exchange;v=b3;q=0.7\r\nSec-Fetch-Site: none\r\nSec-Fetch-Mode: navigate\r\nSec-Fetch-User: ?1\r\nSec-Fetch-Dest: document\r\nAccept-Encoding: gzip, deflate, br\r\nAccept-Language: zh-CN,zh;q=0.9,en;q=0.8,en-GB;q=0.7,en-US;q=0.6\r\n\r\n'
[2023-09-21 17:30:03,261][INFO]: 响应完成
[2023-09-21 17:30:09,438][INFO]: conn---><socket.socket fd=400, family=AddressFamily.AF_INET, type=SocketKind.SOCK_STREAM, proto=0, laddr=('127.0.0.1', 8889), raddr=('127.0.0.1', 13148)>, addr--->('127.0.0.1', 13148), data--->b'GET /loginxxx HTTP/1.1\r\nHost: 127.0.0.1:8889\r\nConnection: keep-alive\r\nCache-Control: max-age=0\r\nsec-ch-ua: "Microsoft Edge";v="117", "Not;A=Brand";v="8", "Chromium";v="117"\r\nsec-ch-ua-mobile: ?0\r\nsec-ch-ua-platform: "Windows"\r\nUpgrade-Insecure-Requests: 1\r\nUser-Agent: Mozilla/5.0 (Windows NT 10.0; Win64; x64) AppleWebKit/537.36 (KHTML, like Gecko) Chrome/117.0.0.0 Safari/537.36 Edg/117.0.2045.35\r\nAccept: text/html,application/xhtml+xml,application/xml;q=0.9,image/webp,image/apng,*/*;q=0.8,application/signed-exchange;v=b3;q=0.7\r\nSec-Fetch-Site: none\r\nSec-Fetch-Mode: navigate\r\nSec-Fetch-User: ?1\r\nSec-Fetch-Dest: document\r\nAccept-Encoding: gzip, deflate, br\r\nAccept-Language: zh-CN,zh;q=0.9,en;q=0.8,en-GB;q=0.7,en-US;q=0.6\r\n\r\n'
[2023-09-21 17:30:09,439][INFO]: 响应完成
[2023-09-21 17:30:11,439][INFO]: conn---><socket.socket fd=400, family=AddressFamily.AF_INET, type=SocketKind.SOCK_STREAM, proto=0, laddr=('127.0.0.1', 8889), raddr=('127.0.0.1', 13201)>, addr--->('127.0.0.1', 13201), data--->b'GET /loginxxx HTTP/1.1\r\nHost: 127.0.0.1:8889\r\nConnection: keep-alive\r\nCache-Control: max-age=0\r\nsec-ch-ua: "Microsoft Edge";v="117", "Not;A=Brand";v="8", "Chromium";v="117"\r\nsec-ch-ua-mobile: ?0\r\nsec-ch-ua-platform: "Windows"\r\nUpgrade-Insecure-Requests: 1\r\nUser-Agent: Mozilla/5.0 (Windows NT 10.0; Win64; x64) AppleWebKit/537.36 (KHTML, like Gecko) Chrome/117.0.0.0 Safari/537.36 Edg/117.0.2045.35\r\nAccept: text/html,application/xhtml+xml,application/xml;q=0.9,image/webp,image/apng,*/*;q=0.8,application/signed-exchange;v=b3;q=0.7\r\nSec-Fetch-Site: none\r\nSec-Fetch-Mode: navigate\r\nSec-Fetch-User: ?1\r\nSec-Fetch-Dest: document\r\nAccept-Encoding: gzip, deflate, br\r\nAccept-Language: zh-CN,zh;q=0.9,en;q=0.8,en-GB;q=0.7,en-US;q=0.6\r\n\r\n'
[2023-09-21 17:30:11,440][INFO]: 响应完成
[2023-09-21 17:30:35,629][INFO]: conn---><socket.socket fd=400, family=AddressFamily.AF_INET, type=SocketKind.SOCK_STREAM, proto=0, laddr=('127.0.0.1', 8889), raddr=('127.0.0.1', 13217)>, addr--->('127.0.0.1', 13217), data--->b'GET / HTTP/1.1\r\nHost: 127.0.0.1:8889\r\nConnection: keep-alive\r\nsec-ch-ua: "Microsoft Edge";v="117", "Not;A=Brand";v="8", "Chromium";v="117"\r\nsec-ch-ua-mobile: ?0\r\nsec-ch-ua-platform: "Windows"\r\nUpgrade-Insecure-Requests: 1\r\nUser-Agent: Mozilla/5.0 (Windows NT 10.0; Win64; x64) AppleWebKit/537.36 (KHTML, like Gecko) Chrome/117.0.0.0 Safari/537.36 Edg/117.0.2045.35\r\nAccept: text/html,application/xhtml+xml,application/xml;q=0.9,image/webp,image/apng,*/*;q=0.8,application/signed-exchange;v=b3;q=0.7\r\nSec-Fetch-Site: none\r\nSec-Fetch-Mode: navigate\r\nSec-Fetch-User: ?1\r\nSec-Fetch-Dest: document\r\nAccept-Encoding: gzip, deflate, br\r\nAccept-Language: zh-CN,zh;q=0.9,en;q=0.8,en-GB;q=0.7,en-US;q=0.6\r\n\r\n'
[2023-09-21 17:30:35,630][INFO]: 响应完成
[2023-09-21 17:30:39,781][INFO]: conn---><socket.socket fd=400, family=AddressFamily.AF_INET, type=SocketKind.SOCK_STREAM, proto=0, laddr=('127.0.0.1', 8889), raddr=('127.0.0.1', 13371)>, addr--->('127.0.0.1', 13371), data--->b'GET / HTTP/1.1\r\nHost: 127.0.0.1:8889\r\nConnection: keep-alive\r\nCache-Control: max-age=0\r\nsec-ch-ua: "Microsoft Edge";v="117", "Not;A=Brand";v="8", "Chromium";v="117"\r\nsec-ch-ua-mobile: ?0\r\nsec-ch-ua-platform: "Windows"\r\nUpgrade-Insecure-Requests: 1\r\nUser-Agent: Mozilla/5.0 (Windows NT 10.0; Win64; x64) AppleWebKit/537.36 (KHTML, like Gecko) Chrome/117.0.0.0 Safari/537.36 Edg/117.0.2045.35\r\nAccept: text/html,application/xhtml+xml,application/xml;q=0.9,image/webp,image/apng,*/*;q=0.8,application/signed-exchange;v=b3;q=0.7\r\nSec-Fetch-Site: none\r\nSec-Fetch-Mode: navigate\r\nSec-Fetch-User: ?1\r\nSec-Fetch-Dest: document\r\nAccept-Encoding: gzip, deflate, br\r\nAccept-Language: zh-CN,zh;q=0.9,en;q=0.8,en-GB;q=0.7,en-US;q=0.6\r\n\r\n'
[2023-09-21 17:30:39,783][INFO]: 响应完成
[2023-09-21 17:34:18,962][INFO]: server is waiting...
[2023-09-21 17:34:39,387][INFO]: server is waiting...
[2023-09-21 17:34:41,260][INFO]: conn---><socket.socket fd=408, family=AddressFamily.AF_INET, type=SocketKind.SOCK_STREAM, proto=0, laddr=('127.0.0.1', 8889), raddr=('127.0.0.1', 1372)>, addr--->('127.0.0.1', 1372), data--->b'GET / HTTP/1.1\r\nHost: 127.0.0.1:8889\r\nConnection: keep-alive\r\nCache-Control: max-age=0\r\nsec-ch-ua: "Microsoft Edge";v="117", "Not;A=Brand";v="8", "Chromium";v="117"\r\nsec-ch-ua-mobile: ?0\r\nsec-ch-ua-platform: "Windows"\r\nUpgrade-Insecure-Requests: 1\r\nUser-Agent: Mozilla/5.0 (Windows NT 10.0; Win64; x64) AppleWebKit/537.36 (KHTML, like Gecko) Chrome/117.0.0.0 Safari/537.36 Edg/117.0.2045.35\r\nAccept: text/html,application/xhtml+xml,application/xml;q=0.9,image/webp,image/apng,*/*;q=0.8,application/signed-exchange;v=b3;q=0.7\r\nSec-Fetch-Site: none\r\nSec-Fetch-Mode: navigate\r\nSec-Fetch-User: ?1\r\nSec-Fetch-Dest: document\r\nAccept-Encoding: gzip, deflate, br\r\nAccept-Language: zh-CN,zh;q=0.9,en;q=0.8,en-GB;q=0.7,en-US;q=0.6\r\n\r\n'
[2023-09-21 17:34:41,261][INFO]: 响应完成
[2023-09-21 17:37:21,973][INFO]: server is waiting...
[2023-09-21 17:37:25,040][INFO]: conn---><socket.socket fd=320, family=AddressFamily.AF_INET, type=SocketKind.SOCK_STREAM, proto=0, laddr=('127.0.0.1', 8889), raddr=('127.0.0.1', 3697)>, addr--->('127.0.0.1', 3697), data--->b'GET / HTTP/1.1\r\nHost: 127.0.0.1:8889\r\nConnection: keep-alive\r\nCache-Control: max-age=0\r\nsec-ch-ua: "Microsoft Edge";v="117", "Not;A=Brand";v="8", "Chromium";v="117"\r\nsec-ch-ua-mobile: ?0\r\nsec-ch-ua-platform: "Windows"\r\nUpgrade-Insecure-Requests: 1\r\nUser-Agent: Mozilla/5.0 (Windows NT 10.0; Win64; x64) AppleWebKit/537.36 (KHTML, like Gecko) Chrome/117.0.0.0 Safari/537.36 Edg/117.0.2045.35\r\nAccept: text/html,application/xhtml+xml,application/xml;q=0.9,image/webp,image/apng,*/*;q=0.8,application/signed-exchange;v=b3;q=0.7\r\nSec-Fetch-Site: none\r\nSec-Fetch-Mode: navigate\r\nSec-Fetch-User: ?1\r\nSec-Fetch-Dest: document\r\nAccept-Encoding: gzip, deflate, br\r\nAccept-Language: zh-CN,zh;q=0.9,en;q=0.8,en-GB;q=0.7,en-US;q=0.6\r\n\r\n'
[2023-09-21 17:37:25,041][INFO]: 响应完成
[2023-09-21 17:37:26,205][INFO]: conn---><socket.socket fd=320, family=AddressFamily.AF_INET, type=SocketKind.SOCK_STREAM, proto=0, laddr=('127.0.0.1', 8889), raddr=('127.0.0.1', 3698)>, addr--->('127.0.0.1', 3698), data--->b'GET / HTTP/1.1\r\nHost: 127.0.0.1:8889\r\nConnection: keep-alive\r\nCache-Control: max-age=0\r\nsec-ch-ua: "Microsoft Edge";v="117", "Not;A=Brand";v="8", "Chromium";v="117"\r\nsec-ch-ua-mobile: ?0\r\nsec-ch-ua-platform: "Windows"\r\nUpgrade-Insecure-Requests: 1\r\nUser-Agent: Mozilla/5.0 (Windows NT 10.0; Win64; x64) AppleWebKit/537.36 (KHTML, like Gecko) Chrome/117.0.0.0 Safari/537.36 Edg/117.0.2045.35\r\nAccept: text/html,application/xhtml+xml,application/xml;q=0.9,image/webp,image/apng,*/*;q=0.8,application/signed-exchange;v=b3;q=0.7\r\nSec-Fetch-Site: none\r\nSec-Fetch-Mode: navigate\r\nSec-Fetch-User: ?1\r\nSec-Fetch-Dest: document\r\nAccept-Encoding: gzip, deflate, br\r\nAccept-Language: zh-CN,zh;q=0.9,en;q=0.8,en-GB;q=0.7,en-US;q=0.6\r\n\r\n'
[2023-09-21 17:37:26,206][INFO]: 响应完成
[2023-09-21 17:37:26,584][INFO]: conn---><socket.socket fd=320, family=AddressFamily.AF_INET, type=SocketKind.SOCK_STREAM, proto=0, laddr=('127.0.0.1', 8889), raddr=('127.0.0.1', 3711)>, addr--->('127.0.0.1', 3711), data--->b'GET / HTTP/1.1\r\nHost: 127.0.0.1:8889\r\nConnection: keep-alive\r\nCache-Control: max-age=0\r\nsec-ch-ua: "Microsoft Edge";v="117", "Not;A=Brand";v="8", "Chromium";v="117"\r\nsec-ch-ua-mobile: ?0\r\nsec-ch-ua-platform: "Windows"\r\nUpgrade-Insecure-Requests: 1\r\nUser-Agent: Mozilla/5.0 (Windows NT 10.0; Win64; x64) AppleWebKit/537.36 (KHTML, like Gecko) Chrome/117.0.0.0 Safari/537.36 Edg/117.0.2045.35\r\nAccept: text/html,application/xhtml+xml,application/xml;q=0.9,image/webp,image/apng,*/*;q=0.8,application/signed-exchange;v=b3;q=0.7\r\nSec-Fetch-Site: none\r\nSec-Fetch-Mode: navigate\r\nSec-Fetch-User: ?1\r\nSec-Fetch-Dest: document\r\nAccept-Encoding: gzip, deflate, br\r\nAccept-Language: zh-CN,zh;q=0.9,en;q=0.8,en-GB;q=0.7,en-US;q=0.6\r\n\r\n'
[2023-09-21 17:37:26,586][INFO]: 响应完成
[2023-09-21 17:37:26,759][INFO]: conn---><socket.socket fd=320, family=AddressFamily.AF_INET, type=SocketKind.SOCK_STREAM, proto=0, laddr=('127.0.0.1', 8889), raddr=('127.0.0.1', 3712)>, addr--->('127.0.0.1', 3712), data--->b'GET / HTTP/1.1\r\nHost: 127.0.0.1:8889\r\nConnection: keep-alive\r\nCache-Control: max-age=0\r\nsec-ch-ua: "Microsoft Edge";v="117", "Not;A=Brand";v="8", "Chromium";v="117"\r\nsec-ch-ua-mobile: ?0\r\nsec-ch-ua-platform: "Windows"\r\nUpgrade-Insecure-Requests: 1\r\nUser-Agent: Mozilla/5.0 (Windows NT 10.0; Win64; x64) AppleWebKit/537.36 (KHTML, like Gecko) Chrome/117.0.0.0 Safari/537.36 Edg/117.0.2045.35\r\nAccept: text/html,application/xhtml+xml,application/xml;q=0.9,image/webp,image/apng,*/*;q=0.8,application/signed-exchange;v=b3;q=0.7\r\nSec-Fetch-Site: none\r\nSec-Fetch-Mode: navigate\r\nSec-Fetch-User: ?1\r\nSec-Fetch-Dest: document\r\nAccept-Encoding: gzip, deflate, br\r\nAccept-Language: zh-CN,zh;q=0.9,en;q=0.8,en-GB;q=0.7,en-US;q=0.6\r\n\r\n'
[2023-09-21 17:37:26,760][INFO]: 响应完成
[2023-09-21 17:37:26,970][INFO]: conn---><socket.socket fd=320, family=AddressFamily.AF_INET, type=SocketKind.SOCK_STREAM, proto=0, laddr=('127.0.0.1', 8889), raddr=('127.0.0.1', 3713)>, addr--->('127.0.0.1', 3713), data--->b'GET / HTTP/1.1\r\nHost: 127.0.0.1:8889\r\nConnection: keep-alive\r\nCache-Control: max-age=0\r\nsec-ch-ua: "Microsoft Edge";v="117", "Not;A=Brand";v="8", "Chromium";v="117"\r\nsec-ch-ua-mobile: ?0\r\nsec-ch-ua-platform: "Windows"\r\nUpgrade-Insecure-Requests: 1\r\nUser-Agent: Mozilla/5.0 (Windows NT 10.0; Win64; x64) AppleWebKit/537.36 (KHTML, like Gecko) Chrome/117.0.0.0 Safari/537.36 Edg/117.0.2045.35\r\nAccept: text/html,application/xhtml+xml,application/xml;q=0.9,image/webp,image/apng,*/*;q=0.8,application/signed-exchange;v=b3;q=0.7\r\nSec-Fetch-Site: none\r\nSec-Fetch-Mode: navigate\r\nSec-Fetch-User: ?1\r\nSec-Fetch-Dest: document\r\nAccept-Encoding: gzip, deflate, br\r\nAccept-Language: zh-CN,zh;q=0.9,en;q=0.8,en-GB;q=0.7,en-US;q=0.6\r\n\r\n'
[2023-09-21 17:37:26,971][INFO]: 响应完成
[2023-09-21 17:38:04,502][INFO]: server is waiting...
[2023-09-21 17:38:07,167][INFO]: conn---><socket.socket fd=352, family=AddressFamily.AF_INET, type=SocketKind.SOCK_STREAM, proto=0, laddr=('127.0.0.1', 8889), raddr=('127.0.0.1', 4060)>, addr--->('127.0.0.1', 4060), data--->b'GET / HTTP/1.1\r\nHost: 127.0.0.1:8889\r\nConnection: keep-alive\r\nCache-Control: max-age=0\r\nsec-ch-ua: "Microsoft Edge";v="117", "Not;A=Brand";v="8", "Chromium";v="117"\r\nsec-ch-ua-mobile: ?0\r\nsec-ch-ua-platform: "Windows"\r\nUpgrade-Insecure-Requests: 1\r\nUser-Agent: Mozilla/5.0 (Windows NT 10.0; Win64; x64) AppleWebKit/537.36 (KHTML, like Gecko) Chrome/117.0.0.0 Safari/537.36 Edg/117.0.2045.35\r\nAccept: text/html,application/xhtml+xml,application/xml;q=0.9,image/webp,image/apng,*/*;q=0.8,application/signed-exchange;v=b3;q=0.7\r\nSec-Fetch-Site: none\r\nSec-Fetch-Mode: navigate\r\nSec-Fetch-User: ?1\r\nSec-Fetch-Dest: document\r\nAccept-Encoding: gzip, deflate, br\r\nAccept-Language: zh-CN,zh;q=0.9,en;q=0.8,en-GB;q=0.7,en-US;q=0.6\r\n\r\n'
[2023-09-21 17:38:07,168][INFO]: 响应完成
[2023-09-21 17:38:18,824][INFO]: server is waiting...
[2023-09-21 17:38:20,232][INFO]: conn---><socket.socket fd=412, family=AddressFamily.AF_INET, type=SocketKind.SOCK_STREAM, proto=0, laddr=('127.0.0.1', 8889), raddr=('127.0.0.1', 4150)>, addr--->('127.0.0.1', 4150), data--->b'GET / HTTP/1.1\r\nHost: 127.0.0.1:8889\r\nConnection: keep-alive\r\nCache-Control: max-age=0\r\nsec-ch-ua: "Microsoft Edge";v="117", "Not;A=Brand";v="8", "Chromium";v="117"\r\nsec-ch-ua-mobile: ?0\r\nsec-ch-ua-platform: "Windows"\r\nUpgrade-Insecure-Requests: 1\r\nUser-Agent: Mozilla/5.0 (Windows NT 10.0; Win64; x64) AppleWebKit/537.36 (KHTML, like Gecko) Chrome/117.0.0.0 Safari/537.36 Edg/117.0.2045.35\r\nAccept: text/html,application/xhtml+xml,application/xml;q=0.9,image/webp,image/apng,*/*;q=0.8,application/signed-exchange;v=b3;q=0.7\r\nSec-Fetch-Site: none\r\nSec-Fetch-Mode: navigate\r\nSec-Fetch-User: ?1\r\nSec-Fetch-Dest: document\r\nAccept-Encoding: gzip, deflate, br\r\nAccept-Language: zh-CN,zh;q=0.9,en;q=0.8,en-GB;q=0.7,en-US;q=0.6\r\n\r\n'
[2023-09-21 17:38:20,232][INFO]: 响应完成
[2023-09-21 17:38:39,828][INFO]: server is waiting...
[2023-09-21 17:38:40,428][INFO]: conn---><socket.socket fd=388, family=AddressFamily.AF_INET, type=SocketKind.SOCK_STREAM, proto=0, laddr=('127.0.0.1', 8889), raddr=('127.0.0.1', 4293)>, addr--->('127.0.0.1', 4293), data--->b'GET / HTTP/1.1\r\nHost: 127.0.0.1:8889\r\nConnection: keep-alive\r\nCache-Control: max-age=0\r\nsec-ch-ua: "Microsoft Edge";v="117", "Not;A=Brand";v="8", "Chromium";v="117"\r\nsec-ch-ua-mobile: ?0\r\nsec-ch-ua-platform: "Windows"\r\nUpgrade-Insecure-Requests: 1\r\nUser-Agent: Mozilla/5.0 (Windows NT 10.0; Win64; x64) AppleWebKit/537.36 (KHTML, like Gecko) Chrome/117.0.0.0 Safari/537.36 Edg/117.0.2045.35\r\nAccept: text/html,application/xhtml+xml,application/xml;q=0.9,image/webp,image/apng,*/*;q=0.8,application/signed-exchange;v=b3;q=0.7\r\nSec-Fetch-Site: none\r\nSec-Fetch-Mode: navigate\r\nSec-Fetch-User: ?1\r\nSec-Fetch-Dest: document\r\nAccept-Encoding: gzip, deflate, br\r\nAccept-Language: zh-CN,zh;q=0.9,en;q=0.8,en-GB;q=0.7,en-US;q=0.6\r\n\r\n'
[2023-09-21 17:38:40,430][INFO]: 响应完成
[2023-09-21 17:52:41,041][INFO]: conn---><socket.socket fd=388, family=AddressFamily.AF_INET, type=SocketKind.SOCK_STREAM, proto=0, laddr=('127.0.0.1', 8889), raddr=('127.0.0.1', 4294)>, addr--->('127.0.0.1', 4294), data--->b''
[2023-09-21 18:53:38,204][INFO]: server is waiting...
[2023-09-21 18:53:41,432][INFO]: conn---><socket.socket fd=324, family=AddressFamily.AF_INET, type=SocketKind.SOCK_STREAM, proto=0, laddr=('127.0.0.1', 8889), raddr=('127.0.0.1', 14576)>, addr--->('127.0.0.1', 14576), data--->b'GET / HTTP/1.1\r\nHost: 127.0.0.1:8889\r\nConnection: keep-alive\r\nCache-Control: max-age=0\r\nsec-ch-ua: "Microsoft Edge";v="117", "Not;A=Brand";v="8", "Chromium";v="117"\r\nsec-ch-ua-mobile: ?0\r\nsec-ch-ua-platform: "Windows"\r\nUpgrade-Insecure-Requests: 1\r\nUser-Agent: Mozilla/5.0 (Windows NT 10.0; Win64; x64) AppleWebKit/537.36 (KHTML, like Gecko) Chrome/117.0.0.0 Safari/537.36 Edg/117.0.2045.35\r\nAccept: text/html,application/xhtml+xml,application/xml;q=0.9,image/webp,image/apng,*/*;q=0.8,application/signed-exchange;v=b3;q=0.7\r\nSec-Fetch-Site: none\r\nSec-Fetch-Mode: navigate\r\nSec-Fetch-User: ?1\r\nSec-Fetch-Dest: document\r\nAccept-Encoding: gzip, deflate, br\r\nAccept-Language: zh-CN,zh;q=0.9,en;q=0.8,en-GB;q=0.7,en-US;q=0.6\r\n\r\n'
[2023-09-21 18:53:41,433][INFO]: 响应完成
[2023-09-21 18:53:44,326][INFO]: conn---><socket.socket fd=324, family=AddressFamily.AF_INET, type=SocketKind.SOCK_STREAM, proto=0, laddr=('127.0.0.1', 8889), raddr=('127.0.0.1', 14577)>, addr--->('127.0.0.1', 14577), data--->b'GET /11 HTTP/1.1\r\nHost: 127.0.0.1:8889\r\nConnection: keep-alive\r\nsec-ch-ua: "Microsoft Edge";v="117", "Not;A=Brand";v="8", "Chromium";v="117"\r\nsec-ch-ua-mobile: ?0\r\nsec-ch-ua-platform: "Windows"\r\nUpgrade-Insecure-Requests: 1\r\nUser-Agent: Mozilla/5.0 (Windows NT 10.0; Win64; x64) AppleWebKit/537.36 (KHTML, like Gecko) Chrome/117.0.0.0 Safari/537.36 Edg/117.0.2045.35\r\nAccept: text/html,application/xhtml+xml,application/xml;q=0.9,image/webp,image/apng,*/*;q=0.8,application/signed-exchange;v=b3;q=0.7\r\nSec-Fetch-Site: none\r\nSec-Fetch-Mode: navigate\r\nSec-Fetch-User: ?1\r\nSec-Fetch-Dest: document\r\nAccept-Encoding: gzip, deflate, br\r\nAccept-Language: zh-CN,zh;q=0.9,en;q=0.8,en-GB;q=0.7,en-US;q=0.6\r\n\r\n'
[2023-09-21 18:53:44,326][INFO]: 响应完成
[2023-09-21 18:53:52,121][INFO]: conn---><socket.socket fd=412, family=AddressFamily.AF_INET, type=SocketKind.SOCK_STREAM, proto=0, laddr=('127.0.0.1', 8889), raddr=('127.0.0.1', 14582)>, addr--->('127.0.0.1', 14582), data--->b'GET /11 HTTP/1.1\r\nHost: 127.0.0.1:8889\r\nConnection: keep-alive\r\nCache-Control: max-age=0\r\nsec-ch-ua: "Microsoft Edge";v="117", "Not;A=Brand";v="8", "Chromium";v="117"\r\nsec-ch-ua-mobile: ?0\r\nsec-ch-ua-platform: "Windows"\r\nUpgrade-Insecure-Requests: 1\r\nUser-Agent: Mozilla/5.0 (Windows NT 10.0; Win64; x64) AppleWebKit/537.36 (KHTML, like Gecko) Chrome/117.0.0.0 Safari/537.36 Edg/117.0.2045.35\r\nAccept: text/html,application/xhtml+xml,application/xml;q=0.9,image/webp,image/apng,*/*;q=0.8,application/signed-exchange;v=b3;q=0.7\r\nSec-Fetch-Site: none\r\nSec-Fetch-Mode: navigate\r\nSec-Fetch-User: ?1\r\nSec-Fetch-Dest: document\r\nAccept-Encoding: gzip, deflate, br\r\nAccept-Language: zh-CN,zh;q=0.9,en;q=0.8,en-GB;q=0.7,en-US;q=0.6\r\n\r\n'
[2023-09-21 18:53:52,122][INFO]: 响应完成
[2023-09-21 18:58:58,232][INFO]: conn---><socket.socket fd=412, family=AddressFamily.AF_INET, type=SocketKind.SOCK_STREAM, proto=0, laddr=('127.0.0.1', 8889), raddr=('127.0.0.1', 14599)>, addr--->('127.0.0.1', 14599), data--->b''
[2023-09-21 19:12:27,642][INFO]: server is waiting...
[2023-09-21 19:12:27,829][INFO]: conn---><socket.socket fd=388, family=AddressFamily.AF_INET, type=SocketKind.SOCK_STREAM, proto=0, laddr=('127.0.0.1', 8889), raddr=('127.0.0.1', 4674)>, addr--->('127.0.0.1', 4674), data--->b'GET /11 HTTP/1.1\r\nHost: 127.0.0.1:8889\r\nConnection: keep-alive\r\nCache-Control: max-age=0\r\nsec-ch-ua: "Microsoft Edge";v="117", "Not;A=Brand";v="8", "Chromium";v="117"\r\nsec-ch-ua-mobile: ?0\r\nsec-ch-ua-platform: "Windows"\r\nUpgrade-Insecure-Requests: 1\r\nUser-Agent: Mozilla/5.0 (Windows NT 10.0; Win64; x64) AppleWebKit/537.36 (KHTML, like Gecko) Chrome/117.0.0.0 Safari/537.36 Edg/117.0.2045.35\r\nAccept: text/html,application/xhtml+xml,application/xml;q=0.9,image/webp,image/apng,*/*;q=0.8,application/signed-exchange;v=b3;q=0.7\r\nSec-Fetch-Site: none\r\nSec-Fetch-Mode: navigate\r\nSec-Fetch-User: ?1\r\nSec-Fetch-Dest: document\r\nAccept-Encoding: gzip, deflate, br\r\nAccept-Language: zh-CN,zh;q=0.9,en;q=0.8,en-GB;q=0.7,en-US;q=0.6\r\n\r\n'
[2023-09-21 19:12:27,830][INFO]: 响应完成
[2023-09-21 19:12:29,557][INFO]: conn---><socket.socket fd=380, family=AddressFamily.AF_INET, type=SocketKind.SOCK_STREAM, proto=0, laddr=('127.0.0.1', 8889), raddr=('127.0.0.1', 4675)>, addr--->('127.0.0.1', 4675), data--->b'GET /11 HTTP/1.1\r\nHost: 127.0.0.1:8889\r\nConnection: keep-alive\r\nCache-Control: max-age=0\r\nsec-ch-ua: "Microsoft Edge";v="117", "Not;A=Brand";v="8", "Chromium";v="117"\r\nsec-ch-ua-mobile: ?0\r\nsec-ch-ua-platform: "Windows"\r\nUpgrade-Insecure-Requests: 1\r\nUser-Agent: Mozilla/5.0 (Windows NT 10.0; Win64; x64) AppleWebKit/537.36 (KHTML, like Gecko) Chrome/117.0.0.0 Safari/537.36 Edg/117.0.2045.35\r\nAccept: text/html,application/xhtml+xml,application/xml;q=0.9,image/webp,image/apng,*/*;q=0.8,application/signed-exchange;v=b3;q=0.7\r\nSec-Fetch-Site: none\r\nSec-Fetch-Mode: navigate\r\nSec-Fetch-User: ?1\r\nSec-Fetch-Dest: document\r\nAccept-Encoding: gzip, deflate, br\r\nAccept-Language: zh-CN,zh;q=0.9,en;q=0.8,en-GB;q=0.7,en-US;q=0.6\r\n\r\n'
[2023-09-21 19:12:29,558][INFO]: 响应完成
[2023-09-21 19:12:31,297][INFO]: conn---><socket.socket fd=380, family=AddressFamily.AF_INET, type=SocketKind.SOCK_STREAM, proto=0, laddr=('127.0.0.1', 8889), raddr=('127.0.0.1', 4681)>, addr--->('127.0.0.1', 4681), data--->b'GET /11 HTTP/1.1\r\nHost: 127.0.0.1:8889\r\nConnection: keep-alive\r\nCache-Control: max-age=0\r\nsec-ch-ua: "Microsoft Edge";v="117", "Not;A=Brand";v="8", "Chromium";v="117"\r\nsec-ch-ua-mobile: ?0\r\nsec-ch-ua-platform: "Windows"\r\nUpgrade-Insecure-Requests: 1\r\nUser-Agent: Mozilla/5.0 (Windows NT 10.0; Win64; x64) AppleWebKit/537.36 (KHTML, like Gecko) Chrome/117.0.0.0 Safari/537.36 Edg/117.0.2045.35\r\nAccept: text/html,application/xhtml+xml,application/xml;q=0.9,image/webp,image/apng,*/*;q=0.8,application/signed-exchange;v=b3;q=0.7\r\nSec-Fetch-Site: none\r\nSec-Fetch-Mode: navigate\r\nSec-Fetch-User: ?1\r\nSec-Fetch-Dest: document\r\nAccept-Encoding: gzip, deflate, br\r\nAccept-Language: zh-CN,zh;q=0.9,en;q=0.8,en-GB;q=0.7,en-US;q=0.6\r\n\r\n'
[2023-09-21 19:12:31,299][INFO]: 响应完成
[2023-09-21 19:12:32,702][INFO]: conn---><socket.socket fd=380, family=AddressFamily.AF_INET, type=SocketKind.SOCK_STREAM, proto=0, laddr=('127.0.0.1', 8889), raddr=('127.0.0.1', 4683)>, addr--->('127.0.0.1', 4683), data--->b'GET /11 HTTP/1.1\r\nHost: 127.0.0.1:8889\r\nConnection: keep-alive\r\nCache-Control: max-age=0\r\nsec-ch-ua: "Microsoft Edge";v="117", "Not;A=Brand";v="8", "Chromium";v="117"\r\nsec-ch-ua-mobile: ?0\r\nsec-ch-ua-platform: "Windows"\r\nUpgrade-Insecure-Requests: 1\r\nUser-Agent: Mozilla/5.0 (Windows NT 10.0; Win64; x64) AppleWebKit/537.36 (KHTML, like Gecko) Chrome/117.0.0.0 Safari/537.36 Edg/117.0.2045.35\r\nAccept: text/html,application/xhtml+xml,application/xml;q=0.9,image/webp,image/apng,*/*;q=0.8,application/signed-exchange;v=b3;q=0.7\r\nSec-Fetch-Site: none\r\nSec-Fetch-Mode: navigate\r\nSec-Fetch-User: ?1\r\nSec-Fetch-Dest: document\r\nAccept-Encoding: gzip, deflate, br\r\nAccept-Language: zh-CN,zh;q=0.9,en;q=0.8,en-GB;q=0.7,en-US;q=0.6\r\n\r\n'
[2023-09-21 19:12:32,703][INFO]: 响应完成
[2023-09-21 19:12:33,400][INFO]: conn---><socket.socket fd=380, family=AddressFamily.AF_INET, type=SocketKind.SOCK_STREAM, proto=0, laddr=('127.0.0.1', 8889), raddr=('127.0.0.1', 4686)>, addr--->('127.0.0.1', 4686), data--->b'GET /11 HTTP/1.1\r\nHost: 127.0.0.1:8889\r\nConnection: keep-alive\r\nCache-Control: max-age=0\r\nsec-ch-ua: "Microsoft Edge";v="117", "Not;A=Brand";v="8", "Chromium";v="117"\r\nsec-ch-ua-mobile: ?0\r\nsec-ch-ua-platform: "Windows"\r\nUpgrade-Insecure-Requests: 1\r\nUser-Agent: Mozilla/5.0 (Windows NT 10.0; Win64; x64) AppleWebKit/537.36 (KHTML, like Gecko) Chrome/117.0.0.0 Safari/537.36 Edg/117.0.2045.35\r\nAccept: text/html,application/xhtml+xml,application/xml;q=0.9,image/webp,image/apng,*/*;q=0.8,application/signed-exchange;v=b3;q=0.7\r\nSec-Fetch-Site: none\r\nSec-Fetch-Mode: navigate\r\nSec-Fetch-User: ?1\r\nSec-Fetch-Dest: document\r\nAccept-Encoding: gzip, deflate, br\r\nAccept-Language: zh-CN,zh;q=0.9,en;q=0.8,en-GB;q=0.7,en-US;q=0.6\r\n\r\n'
[2023-09-21 19:12:33,401][INFO]: 响应完成
[2023-09-21 19:12:34,059][INFO]: conn---><socket.socket fd=380, family=AddressFamily.AF_INET, type=SocketKind.SOCK_STREAM, proto=0, laddr=('127.0.0.1', 8889), raddr=('127.0.0.1', 4687)>, addr--->('127.0.0.1', 4687), data--->b'GET /11 HTTP/1.1\r\nHost: 127.0.0.1:8889\r\nConnection: keep-alive\r\nCache-Control: max-age=0\r\nsec-ch-ua: "Microsoft Edge";v="117", "Not;A=Brand";v="8", "Chromium";v="117"\r\nsec-ch-ua-mobile: ?0\r\nsec-ch-ua-platform: "Windows"\r\nUpgrade-Insecure-Requests: 1\r\nUser-Agent: Mozilla/5.0 (Windows NT 10.0; Win64; x64) AppleWebKit/537.36 (KHTML, like Gecko) Chrome/117.0.0.0 Safari/537.36 Edg/117.0.2045.35\r\nAccept: text/html,application/xhtml+xml,application/xml;q=0.9,image/webp,image/apng,*/*;q=0.8,application/signed-exchange;v=b3;q=0.7\r\nSec-Fetch-Site: none\r\nSec-Fetch-Mode: navigate\r\nSec-Fetch-User: ?1\r\nSec-Fetch-Dest: document\r\nAccept-Encoding: gzip, deflate, br\r\nAccept-Language: zh-CN,zh;q=0.9,en;q=0.8,en-GB;q=0.7,en-US;q=0.6\r\n\r\n'
[2023-09-21 19:12:34,060][INFO]: 响应完成
[2023-09-21 19:12:37,007][INFO]: conn---><socket.socket fd=380, family=AddressFamily.AF_INET, type=SocketKind.SOCK_STREAM, proto=0, laddr=('127.0.0.1', 8889), raddr=('127.0.0.1', 4689)>, addr--->('127.0.0.1', 4689), data--->b'GET / HTTP/1.1\r\nHost: 127.0.0.1:8889\r\nConnection: keep-alive\r\nsec-ch-ua: "Microsoft Edge";v="117", "Not;A=Brand";v="8", "Chromium";v="117"\r\nsec-ch-ua-mobile: ?0\r\nsec-ch-ua-platform: "Windows"\r\nUpgrade-Insecure-Requests: 1\r\nUser-Agent: Mozilla/5.0 (Windows NT 10.0; Win64; x64) AppleWebKit/537.36 (KHTML, like Gecko) Chrome/117.0.0.0 Safari/537.36 Edg/117.0.2045.35\r\nAccept: text/html,application/xhtml+xml,application/xml;q=0.9,image/webp,image/apng,*/*;q=0.8,application/signed-exchange;v=b3;q=0.7\r\nSec-Fetch-Site: none\r\nSec-Fetch-Mode: navigate\r\nSec-Fetch-User: ?1\r\nSec-Fetch-Dest: document\r\nAccept-Encoding: gzip, deflate, br\r\nAccept-Language: zh-CN,zh;q=0.9,en;q=0.8,en-GB;q=0.7,en-US;q=0.6\r\n\r\n'
[2023-09-21 19:12:37,008][INFO]: 响应完成
[2023-09-21 19:12:55,383][INFO]: server is waiting...
[2023-09-21 21:55:46,147][INFO]: server is waiting...
[2023-09-21 21:55:51,303][INFO]: conn---><socket.socket fd=412, family=AddressFamily.AF_INET, type=SocketKind.SOCK_STREAM, proto=0, laddr=('127.0.0.1', 8889), raddr=('127.0.0.1', 5138)>, addr--->('127.0.0.1', 5138), data--->b'GET / HTTP/1.1\r\nHost: 127.0.0.1:8889\r\nConnection: keep-alive\r\nCache-Control: max-age=0\r\nsec-ch-ua: "Microsoft Edge";v="117", "Not;A=Brand";v="8", "Chromium";v="117"\r\nsec-ch-ua-mobile: ?0\r\nsec-ch-ua-platform: "Windows"\r\nUpgrade-Insecure-Requests: 1\r\nUser-Agent: Mozilla/5.0 (Windows NT 10.0; Win64; x64) AppleWebKit/537.36 (KHTML, like Gecko) Chrome/117.0.0.0 Safari/537.36 Edg/117.0.2045.35\r\nAccept: text/html,application/xhtml+xml,application/xml;q=0.9,image/webp,image/apng,*/*;q=0.8,application/signed-exchange;v=b3;q=0.7\r\nSec-Fetch-Site: none\r\nSec-Fetch-Mode: navigate\r\nSec-Fetch-User: ?1\r\nSec-Fetch-Dest: document\r\nAccept-Encoding: gzip, deflate, br\r\nAccept-Language: zh-CN,zh;q=0.9,en;q=0.8,en-GB;q=0.7,en-US;q=0.6\r\n\r\n'
[2023-09-21 21:55:51,304][INFO]: 响应完成
